// Vitest Snapshot v1

exports[`Testing ProjectsSection component > Should match the snapshot 1`] = `
<div>
  <section
    class="re-Main-ProjectsSection"
    id="re-ProjectsSection"
  >
    <div
      class="re-ProjectsSection-content"
    >
      <h1
        class="re-ProjectsSection-title"
      >
        Projects
      </h1>
      <h2
        class="re-ProjectsSection-subtitle"
      >
        Most recent work
      </h2>
    </div>
    <div
      class="re-ProjectsSection-wrapProjects"
    >
      <div
        class="re-ProjectsSection-wrapProjectCard"
      >
        <div
          class="re-ProjectCard"
        >
          <div
            class="re-ProjectCard-wrapImage"
          >
            <img
              alt="Journal App Logo"
              class="re-ProjectCard-image"
              src="/assets/projects/journal-app.webp"
            />
          </div>
          <div
            class="re-ProjectCard-content"
          >
            <div
              class="re-ProjectCard-wrapBody"
            >
              <h1
                class="re-ProjectCard-Title"
              >
                Journal App
              </h1>
              <div
                class="re-ProjectCard-wrapLinks"
              >
                <a
                  aria-label="Find out more information about the project through this link"
                  class="re-ProjectCard-link"
                  href="https://github.com/NastykSwED/journal-app"
                  rel="noopener noreferrer"
                  target="_blank"
                >
                  <span
                    class="re-ProjectCard-wrapIcon"
                  >
                    <svg
                      class="Icon Icon--FiGithub"
                      fill="none"
                      height="1em"
                      stroke="currentColor"
                      stroke-linecap="round"
                      stroke-linejoin="round"
                      stroke-width="2"
                      viewBox="0 0 24 24"
                      width="1em"
                      xmlns="http://www.w3.org/2000/svg"
                    >
                      <path
                        d="M9 19c-5 1.5-5-2.5-7-3m14 6v-3.87a3.37 3.37 0 0 0-.94-2.61c3.14-.35 6.44-1.54 6.44-7A5.44 5.44 0 0 0 20 4.77 5.07 5.07 0 0 0 19.91 1S18.73.65 16 2.48a13.38 13.38 0 0 0-7 0C6.27.65 5.09 1 5.09 1A5.07 5.07 0 0 0 5 4.77a5.44 5.44 0 0 0-1.5 3.78c0 5.42 3.3 6.61 6.44 7A3.37 3.37 0 0 0 9 18.13V22"
                      />
                    </svg>
                  </span>
                </a>
                <a
                  aria-label="Find out more information about the project through this link"
                  class="re-ProjectCard-link"
                  href="https://journal-app-nastykswed.netlify.app/"
                  rel="noopener noreferrer"
                  target="_blank"
                >
                  <span
                    class="re-ProjectCard-wrapIcon"
                  >
                    <svg
                      class="Icon Icon--IoOpenOutline"
                      fill="currentColor"
                      height="1em"
                      stroke="currentColor"
                      stroke-width="0"
                      viewBox="0 0 512 512"
                      width="1em"
                      xmlns="http://www.w3.org/2000/svg"
                    >
                      <path
                        d="M384 224v184a40 40 0 01-40 40H104a40 40 0 01-40-40V168a40 40 0 0140-40h167.48M336 64h112v112M224 288L440 72"
                        fill="none"
                        stroke-linecap="round"
                        stroke-linejoin="round"
                        stroke-width="32"
                      />
                    </svg>
                  </span>
                </a>
              </div>
            </div>
            <p
              class="re-ProjectCard-Description"
            >
              Keep track of what happens in your day to day life with this application.
            </p>
            <div
              class="re-ProjectCard-wrapTools"
            >
              <span
                class="re-ProjectCard-tool"
              >
                TypeScript
              </span>
              <span
                class="re-ProjectCard-tool"
              >
                React Js
              </span>
              <span
                class="re-ProjectCard-tool"
              >
                Redux
              </span>
              <span
                class="re-ProjectCard-tool"
              >
                Material UI
              </span>
              <span
                class="re-ProjectCard-tool"
              >
                Firebase
              </span>
            </div>
          </div>
        </div>
      </div>
      <div
        class="re-ProjectsSection-wrapProjectCard"
      >
        <div
          class="re-ProjectCard"
        >
          <div
            class="re-ProjectCard-wrapImage"
          >
            <img
              alt="Todo App Logo"
              class="re-ProjectCard-image"
              src="/assets/projects/todo-app.webp"
            />
          </div>
          <div
            class="re-ProjectCard-content"
          >
            <div
              class="re-ProjectCard-wrapBody"
            >
              <h1
                class="re-ProjectCard-Title"
              >
                Todo App
              </h1>
              <div
                class="re-ProjectCard-wrapLinks"
              >
                <a
                  aria-label="Find out more information about the project through this link"
                  class="re-ProjectCard-link"
                  href="https://github.com/NastykSwED/todo-app"
                  rel="noopener noreferrer"
                  target="_blank"
                >
                  <span
                    class="re-ProjectCard-wrapIcon"
                  >
                    <svg
                      class="Icon Icon--FiGithub"
                      fill="none"
                      height="1em"
                      stroke="currentColor"
                      stroke-linecap="round"
                      stroke-linejoin="round"
                      stroke-width="2"
                      viewBox="0 0 24 24"
                      width="1em"
                      xmlns="http://www.w3.org/2000/svg"
                    >
                      <path
                        d="M9 19c-5 1.5-5-2.5-7-3m14 6v-3.87a3.37 3.37 0 0 0-.94-2.61c3.14-.35 6.44-1.54 6.44-7A5.44 5.44 0 0 0 20 4.77 5.07 5.07 0 0 0 19.91 1S18.73.65 16 2.48a13.38 13.38 0 0 0-7 0C6.27.65 5.09 1 5.09 1A5.07 5.07 0 0 0 5 4.77a5.44 5.44 0 0 0-1.5 3.78c0 5.42 3.3 6.61 6.44 7A3.37 3.37 0 0 0 9 18.13V22"
                      />
                    </svg>
                  </span>
                </a>
                <a
                  aria-label="Find out more information about the project through this link"
                  class="re-ProjectCard-link"
                  href="https://todo-app-nastykswed.netlify.app/"
                  rel="noopener noreferrer"
                  target="_blank"
                >
                  <span
                    class="re-ProjectCard-wrapIcon"
                  >
                    <svg
                      class="Icon Icon--IoOpenOutline"
                      fill="currentColor"
                      height="1em"
                      stroke="currentColor"
                      stroke-width="0"
                      viewBox="0 0 512 512"
                      width="1em"
                      xmlns="http://www.w3.org/2000/svg"
                    >
                      <path
                        d="M384 224v184a40 40 0 01-40 40H104a40 40 0 01-40-40V168a40 40 0 0140-40h167.48M336 64h112v112M224 288L440 72"
                        fill="none"
                        stroke-linecap="round"
                        stroke-linejoin="round"
                        stroke-width="32"
                      />
                    </svg>
                  </span>
                </a>
              </div>
            </div>
            <p
              class="re-ProjectCard-Description"
            >
              Simple Todo App using React JS and Tailwind CSS
            </p>
            <div
              class="re-ProjectCard-wrapTools"
            >
              <span
                class="re-ProjectCard-tool"
              >
                TypeScript
              </span>
              <span
                class="re-ProjectCard-tool"
              >
                React JS
              </span>
              <span
                class="re-ProjectCard-tool"
              >
                Tailwind CSS
              </span>
            </div>
          </div>
        </div>
      </div>
      <div
        class="re-ProjectsSection-wrapProjectCard"
      >
        <div
          class="re-ProjectCard"
        >
          <div
            class="re-ProjectCard-wrapImage"
          >
            <img
              alt="Click Counter Logo"
              class="re-ProjectCard-image"
              src="/assets/projects/click-counter.webp"
            />
          </div>
          <div
            class="re-ProjectCard-content"
          >
            <div
              class="re-ProjectCard-wrapBody"
            >
              <h1
                class="re-ProjectCard-Title"
              >
                Click Counter
              </h1>
              <div
                class="re-ProjectCard-wrapLinks"
              >
                <a
                  aria-label="Find out more information about the project through this link"
                  class="re-ProjectCard-link"
                  href="https://github.com/NastykSwED/click-counter"
                  rel="noopener noreferrer"
                  target="_blank"
                >
                  <span
                    class="re-ProjectCard-wrapIcon"
                  >
                    <svg
                      class="Icon Icon--FiGithub"
                      fill="none"
                      height="1em"
                      stroke="currentColor"
                      stroke-linecap="round"
                      stroke-linejoin="round"
                      stroke-width="2"
                      viewBox="0 0 24 24"
                      width="1em"
                      xmlns="http://www.w3.org/2000/svg"
                    >
                      <path
                        d="M9 19c-5 1.5-5-2.5-7-3m14 6v-3.87a3.37 3.37 0 0 0-.94-2.61c3.14-.35 6.44-1.54 6.44-7A5.44 5.44 0 0 0 20 4.77 5.07 5.07 0 0 0 19.91 1S18.73.65 16 2.48a13.38 13.38 0 0 0-7 0C6.27.65 5.09 1 5.09 1A5.07 5.07 0 0 0 5 4.77a5.44 5.44 0 0 0-1.5 3.78c0 5.42 3.3 6.61 6.44 7A3.37 3.37 0 0 0 9 18.13V22"
                      />
                    </svg>
                  </span>
                </a>
                <a
                  aria-label="Find out more information about the project through this link"
                  class="re-ProjectCard-link"
                  href="https://nastykswed.github.io/click-counter/"
                  rel="noopener noreferrer"
                  target="_blank"
                >
                  <span
                    class="re-ProjectCard-wrapIcon"
                  >
                    <svg
                      class="Icon Icon--IoOpenOutline"
                      fill="currentColor"
                      height="1em"
                      stroke="currentColor"
                      stroke-width="0"
                      viewBox="0 0 512 512"
                      width="1em"
                      xmlns="http://www.w3.org/2000/svg"
                    >
                      <path
                        d="M384 224v184a40 40 0 01-40 40H104a40 40 0 01-40-40V168a40 40 0 0140-40h167.48M336 64h112v112M224 288L440 72"
                        fill="none"
                        stroke-linecap="round"
                        stroke-linejoin="round"
                        stroke-width="32"
                      />
                    </svg>
                  </span>
                </a>
              </div>
            </div>
            <p
              class="re-ProjectCard-Description"
            >
              Simple Click Counter App using React JS
            </p>
            <div
              class="re-ProjectCard-wrapTools"
            >
              <span
                class="re-ProjectCard-tool"
              >
                React Js
              </span>
            </div>
          </div>
        </div>
      </div>
    </div>
  </section>
</div>
`;
