// Vitest Snapshot v1

exports[`Testing Header Layout > Should match the snapshot 1`] = `
<div>
  <header
    class="re-Header"
    id="re-Header"
  >
    <div
      class="re-Header-wrapNavbar"
    >
      <h1
        class="re-Header-logo"
      >
        Ronald Torres
      </h1>
      <nav
        class="re-Navbar "
      >
        <ul
          class="re-Navbar-list"
        >
          <li
            class="re-Navbar-listItem"
          >
            <a
              class="re-Navbar-link"
              href="#re-HomeSection"
            >
              Home
            </a>
          </li>
          <li
            class="re-Navbar-listItem"
          >
            <a
              class="re-Navbar-link"
              href="#re-SkillsSection"
            >
              Skills
            </a>
          </li>
          <li
            class="re-Navbar-listItem"
          >
            <a
              class="re-Navbar-link"
              href="#re-ProjectsSection"
            >
              Projects
            </a>
          </li>
          <li
            class="re-Navbar-listItem"
          >
            <a
              class="re-Navbar-link"
              href="#re-ContactSection"
            >
              Contact me
            </a>
          </li>
        </ul>
        <div
          class="re-Navbar-CV"
        >
          <button
            class="Button Button--primary"
          >
            CV
            <span
              class="Button-Icon"
            >
              <svg
                fill="currentColor"
                height="1em"
                role="img"
                stroke="currentColor"
                stroke-width="0"
                viewBox="0 0 24 24"
                width="1em"
                xmlns="http://www.w3.org/2000/svg"
              >
                <title />
                <path
                  d="M2.666 0v24h18.668V8.666l-2.668 2.668v10H5.334V2.668H10L12.666 0zm10.668 0v8h8V5.334h-2.668V2.668H16V0"
                />
              </svg>
            </span>
          </button>
        </div>
        <div
          class="re-Navbar-icon"
        >
          <img
            alt="Theme Icon"
            class="Icon Icon--sun isActive"
            src="/assets/icons/sun.svg"
          />
        </div>
      </nav>
      <div
        class="re-Hamburger "
        data-testid="Hamburger"
      >
        <span
          class="re-Hamburger-bar"
        />
        <span
          class="re-Hamburger-bar"
        />
        <span
          class="re-Hamburger-bar"
        />
      </div>
    </div>
  </header>
</div>
`;
