// Vitest Snapshot v1

exports[`Testing Hamburger Component > should match the snapshot 1`] = `
<div>
  <div
    class="re-Hamburger "
    data-testid="Hamburger"
  >
    <span
      class="re-Hamburger-bar"
    />
    <span
      class="re-Hamburger-bar"
    />
    <span
      class="re-Hamburger-bar"
    />
  </div>
</div>
`;
